Classic Timing Analyzer report for basketball_system
Tue May 18 23:05:53 2021
Quartus II Version 9.0 Build 132 02/25/2009 SJ Web Edition


---------------------
; Table of Contents ;
---------------------
  1. Legal Notice
  2. Timing Analyzer Summary
  3. Timing Analyzer Settings
  4. Clock Settings Summary
  5. Parallel Compilation
  6. Clock Setup: 'clock'
  7. tsu
  8. tco
  9. th
 10. Timing Analyzer Messages



----------------
; Legal Notice ;
----------------
Copyright (C) 1991-2009 Altera Corporation
Your use of Altera Corporation's design tools, logic functions 
and other software and tools, and its AMPP partner logic 
functions, and any output files from any of the foregoing 
(including device programming or simulation files), and any 
associated documentation or information are expressly subject 
to the terms and conditions of the Altera Program License 
Subscription Agreement, Altera MegaCore Function License 
Agreement, or other applicable license agreement, including, 
without limitation, that your use is for the sole purpose of 
programming logic devices manufactured by Altera and sold by 
Altera or its authorized distributors.  Please refer to the 
applicable agreement for further details.



+------------------------------------------------------------------------------------------------------------------------------------------------------------------------+
; Timing Analyzer Summary                                                                                                                                                ;
+------------------------------+-------+---------------+----------------------------------+-------------------+-------------------+------------+----------+--------------+
; Type                         ; Slack ; Required Time ; Actual Time                      ; From              ; To                ; From Clock ; To Clock ; Failed Paths ;
+------------------------------+-------+---------------+----------------------------------+-------------------+-------------------+------------+----------+--------------+
; Worst-case tsu               ; N/A   ; None          ; 6.199 ns                         ; SW2               ; shotclock[4]~reg0 ; --         ; clock    ; 0            ;
; Worst-case tco               ; N/A   ; None          ; 8.530 ns                         ; score1[5]~reg0    ; score1[5]         ; clock      ; --       ; 0            ;
; Worst-case th                ; N/A   ; None          ; -3.234 ns                        ; SW1               ; minutes[2]~reg0   ; --         ; clock    ; 0            ;
; Clock Setup: 'clock'         ; N/A   ; None          ; 285.31 MHz ( period = 3.505 ns ) ; shotclock[3]~reg0 ; shotclock[4]~reg0 ; clock      ; clock    ; 0            ;
; Total number of failed paths ;       ;               ;                                  ;                   ;                   ;            ;          ; 0            ;
+------------------------------+-------+---------------+----------------------------------+-------------------+-------------------+------------+----------+--------------+


+--------------------------------------------------------------------------------------------------------------------+
; Timing Analyzer Settings                                                                                           ;
+---------------------------------------------------------------------+--------------------+------+----+-------------+
; Option                                                              ; Setting            ; From ; To ; Entity Name ;
+---------------------------------------------------------------------+--------------------+------+----+-------------+
; Device Name                                                         ; EP2C20F484C7       ;      ;    ;             ;
; Timing Models                                                       ; Final              ;      ;    ;             ;
; Default hold multicycle                                             ; Same as Multicycle ;      ;    ;             ;
; Cut paths between unrelated clock domains                           ; On                 ;      ;    ;             ;
; Cut off read during write signal paths                              ; On                 ;      ;    ;             ;
; Cut off feedback from I/O pins                                      ; On                 ;      ;    ;             ;
; Report Combined Fast/Slow Timing                                    ; Off                ;      ;    ;             ;
; Ignore Clock Settings                                               ; Off                ;      ;    ;             ;
; Analyze latches as synchronous elements                             ; On                 ;      ;    ;             ;
; Enable Recovery/Removal analysis                                    ; Off                ;      ;    ;             ;
; Enable Clock Latency                                                ; Off                ;      ;    ;             ;
; Use TimeQuest Timing Analyzer                                       ; Off                ;      ;    ;             ;
; Minimum Core Junction Temperature                                   ; 0                  ;      ;    ;             ;
; Maximum Core Junction Temperature                                   ; 85                 ;      ;    ;             ;
; Number of source nodes to report per destination node               ; 10                 ;      ;    ;             ;
; Number of destination nodes to report                               ; 10                 ;      ;    ;             ;
; Number of paths to report                                           ; 200                ;      ;    ;             ;
; Report Minimum Timing Checks                                        ; Off                ;      ;    ;             ;
; Use Fast Timing Models                                              ; Off                ;      ;    ;             ;
; Report IO Paths Separately                                          ; Off                ;      ;    ;             ;
; Perform Multicorner Analysis                                        ; On                 ;      ;    ;             ;
; Reports the worst-case path for each clock domain and analysis      ; Off                ;      ;    ;             ;
; Removes common clock path pessimism (CCPP) during slack computation ; Off                ;      ;    ;             ;
; Output I/O Timing Endpoint                                          ; Near End           ;      ;    ;             ;
+---------------------------------------------------------------------+--------------------+------+----+-------------+


+------------------------------------------------------------------------------------------------------------------------------------------------------------------------------------+
; Clock Settings Summary                                                                                                                                                             ;
+-----------------+--------------------+----------+------------------+---------------+--------------+----------+-----------------------+---------------------+--------+--------------+
; Clock Node Name ; Clock Setting Name ; Type     ; Fmax Requirement ; Early Latency ; Late Latency ; Based on ; Multiply Base Fmax by ; Divide Base Fmax by ; Offset ; Phase offset ;
+-----------------+--------------------+----------+------------------+---------------+--------------+----------+-----------------------+---------------------+--------+--------------+
; clock           ;                    ; User Pin ; None             ; 0.000 ns      ; 0.000 ns     ; --       ; N/A                   ; N/A                 ; N/A    ;              ;
+-----------------+--------------------+----------+------------------+---------------+--------------+----------+-----------------------+---------------------+--------+--------------+


Parallel compilation was disabled, but you have multiple processors available. Enable parallel compilation to reduce compilation time.
+-------------------------------------+
; Parallel Compilation                ;
+----------------------------+--------+
; Processors                 ; Number ;
+----------------------------+--------+
; Number detected on machine ; 12     ;
; Maximum allowed            ; 1      ;
+----------------------------+--------+


+---------------------------------------------------------------------------------------------------------------------------------------------------------------------------------------------------------------------------------------------------+
; Clock Setup: 'clock'                                                                                                                                                                                                                              ;
+-----------------------------------------+-----------------------------------------------------+-------------------+-------------------+------------+----------+-----------------------------+---------------------------+-------------------------+
; Slack                                   ; Actual fmax (period)                                ; From              ; To                ; From Clock ; To Clock ; Required Setup Relationship ; Required Longest P2P Time ; Actual Longest P2P Time ;
+-----------------------------------------+-----------------------------------------------------+-------------------+-------------------+------------+----------+-----------------------------+---------------------------+-------------------------+
; N/A                                     ; 285.31 MHz ( period = 3.505 ns )                    ; shotclock[3]~reg0 ; shotclock[4]~reg0 ; clock      ; clock    ; None                        ; None                      ; 3.266 ns                ;
; N/A                                     ; 291.55 MHz ( period = 3.430 ns )                    ; seconds[0]~reg0   ; minutes[0]~reg0   ; clock      ; clock    ; None                        ; None                      ; 3.191 ns                ;
; N/A                                     ; 291.72 MHz ( period = 3.428 ns )                    ; seconds[0]~reg0   ; minutes[3]~reg0   ; clock      ; clock    ; None                        ; None                      ; 3.189 ns                ;
; N/A                                     ; 291.80 MHz ( period = 3.427 ns )                    ; seconds[0]~reg0   ; minutes[1]~reg0   ; clock      ; clock    ; None                        ; None                      ; 3.188 ns                ;
; N/A                                     ; 300.21 MHz ( period = 3.331 ns )                    ; shotclock[3]~reg0 ; shotclock[3]~reg0 ; clock      ; clock    ; None                        ; None                      ; 3.092 ns                ;
; N/A                                     ; 301.66 MHz ( period = 3.315 ns )                    ; shotclock[1]~reg0 ; shotclock[4]~reg0 ; clock      ; clock    ; None                        ; None                      ; 3.076 ns                ;
; N/A                                     ; 302.48 MHz ( period = 3.306 ns )                    ; seconds[0]~reg0   ; seconds[5]~reg0   ; clock      ; clock    ; None                        ; None                      ; 3.067 ns                ;
; N/A                                     ; 303.40 MHz ( period = 3.296 ns )                    ; seconds[4]~reg0   ; minutes[0]~reg0   ; clock      ; clock    ; None                        ; None                      ; 3.057 ns                ;
; N/A                                     ; 303.58 MHz ( period = 3.294 ns )                    ; seconds[4]~reg0   ; minutes[3]~reg0   ; clock      ; clock    ; None                        ; None                      ; 3.055 ns                ;
; N/A                                     ; 303.67 MHz ( period = 3.293 ns )                    ; seconds[4]~reg0   ; minutes[1]~reg0   ; clock      ; clock    ; None                        ; None                      ; 3.054 ns                ;
; N/A                                     ; 307.60 MHz ( period = 3.251 ns )                    ; shotclock[3]~reg0 ; shotclock[2]~reg0 ; clock      ; clock    ; None                        ; None                      ; 3.012 ns                ;
; N/A                                     ; 308.74 MHz ( period = 3.239 ns )                    ; shotclock[0]~reg0 ; shotclock[4]~reg0 ; clock      ; clock    ; None                        ; None                      ; 3.000 ns                ;
; N/A                                     ; 309.98 MHz ( period = 3.226 ns )                    ; seconds[0]~reg0   ; seconds[4]~reg0   ; clock      ; clock    ; None                        ; None                      ; 2.987 ns                ;
; N/A                                     ; 315.26 MHz ( period = 3.172 ns )                    ; seconds[4]~reg0   ; seconds[5]~reg0   ; clock      ; clock    ; None                        ; None                      ; 2.933 ns                ;
; N/A                                     ; 315.36 MHz ( period = 3.171 ns )                    ; shotclock[3]~reg0 ; shotclock[1]~reg0 ; clock      ; clock    ; None                        ; None                      ; 2.932 ns                ;
; N/A                                     ; 317.26 MHz ( period = 3.152 ns )                    ; seconds[1]~reg0   ; minutes[0]~reg0   ; clock      ; clock    ; None                        ; None                      ; 2.913 ns                ;
; N/A                                     ; 317.46 MHz ( period = 3.150 ns )                    ; seconds[1]~reg0   ; minutes[3]~reg0   ; clock      ; clock    ; None                        ; None                      ; 2.911 ns                ;
; N/A                                     ; 317.56 MHz ( period = 3.149 ns )                    ; seconds[1]~reg0   ; minutes[1]~reg0   ; clock      ; clock    ; None                        ; None                      ; 2.910 ns                ;
; N/A                                     ; 318.37 MHz ( period = 3.141 ns )                    ; shotclock[1]~reg0 ; shotclock[3]~reg0 ; clock      ; clock    ; None                        ; None                      ; 2.902 ns                ;
; N/A                                     ; 320.82 MHz ( period = 3.117 ns )                    ; seconds[0]~reg0   ; seconds[3]~reg0   ; clock      ; clock    ; None                        ; None                      ; 2.878 ns                ;
; N/A                                     ; 321.13 MHz ( period = 3.114 ns )                    ; shotclock[4]~reg0 ; shotclock[4]~reg0 ; clock      ; clock    ; None                        ; None                      ; 2.875 ns                ;
; N/A                                     ; 323.42 MHz ( period = 3.092 ns )                    ; seconds[4]~reg0   ; seconds[4]~reg0   ; clock      ; clock    ; None                        ; None                      ; 2.853 ns                ;
; N/A                                     ; 326.26 MHz ( period = 3.065 ns )                    ; shotclock[0]~reg0 ; shotclock[3]~reg0 ; clock      ; clock    ; None                        ; None                      ; 2.826 ns                ;
; N/A                                     ; 326.69 MHz ( period = 3.061 ns )                    ; shotclock[1]~reg0 ; shotclock[2]~reg0 ; clock      ; clock    ; None                        ; None                      ; 2.822 ns                ;
; N/A                                     ; 329.27 MHz ( period = 3.037 ns )                    ; seconds[0]~reg0   ; seconds[2]~reg0   ; clock      ; clock    ; None                        ; None                      ; 2.798 ns                ;
; N/A                                     ; 330.25 MHz ( period = 3.028 ns )                    ; seconds[1]~reg0   ; seconds[5]~reg0   ; clock      ; clock    ; None                        ; None                      ; 2.789 ns                ;
; N/A                                     ; 331.35 MHz ( period = 3.018 ns )                    ; seconds[3]~reg0   ; minutes[0]~reg0   ; clock      ; clock    ; None                        ; None                      ; 2.779 ns                ;
; N/A                                     ; 331.56 MHz ( period = 3.016 ns )                    ; seconds[3]~reg0   ; minutes[3]~reg0   ; clock      ; clock    ; None                        ; None                      ; 2.777 ns                ;
; N/A                                     ; 331.67 MHz ( period = 3.015 ns )                    ; seconds[3]~reg0   ; minutes[1]~reg0   ; clock      ; clock    ; None                        ; None                      ; 2.776 ns                ;
; N/A                                     ; 331.79 MHz ( period = 3.014 ns )                    ; seconds[5]~reg0   ; minutes[0]~reg0   ; clock      ; clock    ; None                        ; None                      ; 2.775 ns                ;
; N/A                                     ; 332.01 MHz ( period = 3.012 ns )                    ; seconds[5]~reg0   ; minutes[3]~reg0   ; clock      ; clock    ; None                        ; None                      ; 2.773 ns                ;
; N/A                                     ; 332.12 MHz ( period = 3.011 ns )                    ; seconds[5]~reg0   ; minutes[1]~reg0   ; clock      ; clock    ; None                        ; None                      ; 2.772 ns                ;
; N/A                                     ; 334.67 MHz ( period = 2.988 ns )                    ; score1[0]~reg0    ; score1[0]~reg0    ; clock      ; clock    ; None                        ; None                      ; 2.749 ns                ;
; N/A                                     ; 334.67 MHz ( period = 2.988 ns )                    ; score1[0]~reg0    ; score1[1]~reg0    ; clock      ; clock    ; None                        ; None                      ; 2.749 ns                ;
; N/A                                     ; 334.67 MHz ( period = 2.988 ns )                    ; score1[0]~reg0    ; score1[2]~reg0    ; clock      ; clock    ; None                        ; None                      ; 2.749 ns                ;
; N/A                                     ; 334.67 MHz ( period = 2.988 ns )                    ; score1[0]~reg0    ; score1[3]~reg0    ; clock      ; clock    ; None                        ; None                      ; 2.749 ns                ;
; N/A                                     ; 334.67 MHz ( period = 2.988 ns )                    ; score1[0]~reg0    ; score1[5]~reg0    ; clock      ; clock    ; None                        ; None                      ; 2.749 ns                ;
; N/A                                     ; 334.67 MHz ( period = 2.988 ns )                    ; score1[0]~reg0    ; score1[4]~reg0    ; clock      ; clock    ; None                        ; None                      ; 2.749 ns                ;
; N/A                                     ; 334.67 MHz ( period = 2.988 ns )                    ; score1[0]~reg0    ; score1[7]~reg0    ; clock      ; clock    ; None                        ; None                      ; 2.749 ns                ;
; N/A                                     ; 334.67 MHz ( period = 2.988 ns )                    ; score1[0]~reg0    ; score1[6]~reg0    ; clock      ; clock    ; None                        ; None                      ; 2.749 ns                ;
; N/A                                     ; 335.01 MHz ( period = 2.985 ns )                    ; shotclock[0]~reg0 ; shotclock[2]~reg0 ; clock      ; clock    ; None                        ; None                      ; 2.746 ns                ;
; N/A                                     ; 335.23 MHz ( period = 2.983 ns )                    ; seconds[4]~reg0   ; seconds[3]~reg0   ; clock      ; clock    ; None                        ; None                      ; 2.744 ns                ;
; N/A                                     ; 335.46 MHz ( period = 2.981 ns )                    ; shotclock[1]~reg0 ; shotclock[1]~reg0 ; clock      ; clock    ; None                        ; None                      ; 2.742 ns                ;
; N/A                                     ; 337.50 MHz ( period = 2.963 ns )                    ; shotclock[2]~reg0 ; shotclock[4]~reg0 ; clock      ; clock    ; None                        ; None                      ; 2.724 ns                ;
; N/A                                     ; 338.18 MHz ( period = 2.957 ns )                    ; seconds[0]~reg0   ; seconds[1]~reg0   ; clock      ; clock    ; None                        ; None                      ; 2.718 ns                ;
; N/A                                     ; 339.21 MHz ( period = 2.948 ns )                    ; seconds[1]~reg0   ; seconds[4]~reg0   ; clock      ; clock    ; None                        ; None                      ; 2.709 ns                ;
; N/A                                     ; 340.14 MHz ( period = 2.940 ns )                    ; shotclock[4]~reg0 ; shotclock[3]~reg0 ; clock      ; clock    ; None                        ; None                      ; 2.701 ns                ;
; N/A                                     ; 343.76 MHz ( period = 2.909 ns )                    ; seconds[2]~reg0   ; minutes[0]~reg0   ; clock      ; clock    ; None                        ; None                      ; 2.670 ns                ;
; N/A                                     ; 344.00 MHz ( period = 2.907 ns )                    ; seconds[2]~reg0   ; minutes[3]~reg0   ; clock      ; clock    ; None                        ; None                      ; 2.668 ns                ;
; N/A                                     ; 344.12 MHz ( period = 2.906 ns )                    ; seconds[2]~reg0   ; minutes[1]~reg0   ; clock      ; clock    ; None                        ; None                      ; 2.667 ns                ;
; N/A                                     ; 344.23 MHz ( period = 2.905 ns )                    ; shotclock[0]~reg0 ; shotclock[1]~reg0 ; clock      ; clock    ; None                        ; None                      ; 2.666 ns                ;
; N/A                                     ; 344.47 MHz ( period = 2.903 ns )                    ; seconds[4]~reg0   ; seconds[2]~reg0   ; clock      ; clock    ; None                        ; None                      ; 2.664 ns                ;
; N/A                                     ; 345.07 MHz ( period = 2.898 ns )                    ; minutes[0]~reg0   ; minutes[0]~reg0   ; clock      ; clock    ; None                        ; None                      ; 2.659 ns                ;
; N/A                                     ; 345.30 MHz ( period = 2.896 ns )                    ; minutes[0]~reg0   ; minutes[3]~reg0   ; clock      ; clock    ; None                        ; None                      ; 2.657 ns                ;
; N/A                                     ; 345.42 MHz ( period = 2.895 ns )                    ; minutes[0]~reg0   ; minutes[1]~reg0   ; clock      ; clock    ; None                        ; None                      ; 2.656 ns                ;
; N/A                                     ; 345.54 MHz ( period = 2.894 ns )                    ; seconds[3]~reg0   ; seconds[5]~reg0   ; clock      ; clock    ; None                        ; None                      ; 2.655 ns                ;
; N/A                                     ; 346.02 MHz ( period = 2.890 ns )                    ; seconds[5]~reg0   ; seconds[5]~reg0   ; clock      ; clock    ; None                        ; None                      ; 2.651 ns                ;
; N/A                                     ; 349.65 MHz ( period = 2.860 ns )                    ; shotclock[4]~reg0 ; shotclock[2]~reg0 ; clock      ; clock    ; None                        ; None                      ; 2.621 ns                ;
; N/A                                     ; 349.77 MHz ( period = 2.859 ns )                    ; minutes[1]~reg0   ; minutes[0]~reg0   ; clock      ; clock    ; None                        ; None                      ; 2.620 ns                ;
; N/A                                     ; 350.02 MHz ( period = 2.857 ns )                    ; minutes[1]~reg0   ; minutes[3]~reg0   ; clock      ; clock    ; None                        ; None                      ; 2.618 ns                ;
; N/A                                     ; 350.14 MHz ( period = 2.856 ns )                    ; minutes[1]~reg0   ; minutes[1]~reg0   ; clock      ; clock    ; None                        ; None                      ; 2.617 ns                ;
; N/A                                     ; 352.24 MHz ( period = 2.839 ns )                    ; seconds[1]~reg0   ; seconds[3]~reg0   ; clock      ; clock    ; None                        ; None                      ; 2.600 ns                ;
; N/A                                     ; 353.36 MHz ( period = 2.830 ns )                    ; minutes[2]~reg0   ; minutes[0]~reg0   ; clock      ; clock    ; None                        ; None                      ; 2.591 ns                ;
; N/A                                     ; 353.61 MHz ( period = 2.828 ns )                    ; minutes[2]~reg0   ; minutes[3]~reg0   ; clock      ; clock    ; None                        ; None                      ; 2.589 ns                ;
; N/A                                     ; 353.73 MHz ( period = 2.827 ns )                    ; minutes[2]~reg0   ; minutes[1]~reg0   ; clock      ; clock    ; None                        ; None                      ; 2.588 ns                ;
; N/A                                     ; 354.23 MHz ( period = 2.823 ns )                    ; seconds[4]~reg0   ; seconds[1]~reg0   ; clock      ; clock    ; None                        ; None                      ; 2.584 ns                ;
; N/A                                     ; 355.37 MHz ( period = 2.814 ns )                    ; seconds[3]~reg0   ; seconds[4]~reg0   ; clock      ; clock    ; None                        ; None                      ; 2.575 ns                ;
; N/A                                     ; 355.87 MHz ( period = 2.810 ns )                    ; seconds[5]~reg0   ; seconds[4]~reg0   ; clock      ; clock    ; None                        ; None                      ; 2.571 ns                ;
; N/A                                     ; 358.55 MHz ( period = 2.789 ns )                    ; shotclock[2]~reg0 ; shotclock[3]~reg0 ; clock      ; clock    ; None                        ; None                      ; 2.550 ns                ;
; N/A                                     ; 359.07 MHz ( period = 2.785 ns )                    ; seconds[2]~reg0   ; seconds[5]~reg0   ; clock      ; clock    ; None                        ; None                      ; 2.546 ns                ;
; N/A                                     ; 359.71 MHz ( period = 2.780 ns )                    ; shotclock[4]~reg0 ; shotclock[1]~reg0 ; clock      ; clock    ; None                        ; None                      ; 2.541 ns                ;
; N/A                                     ; 360.88 MHz ( period = 2.771 ns )                    ; score2[1]~reg0    ; score2[0]~reg0    ; clock      ; clock    ; None                        ; None                      ; 2.532 ns                ;
; N/A                                     ; 360.88 MHz ( period = 2.771 ns )                    ; score2[1]~reg0    ; score2[1]~reg0    ; clock      ; clock    ; None                        ; None                      ; 2.532 ns                ;
; N/A                                     ; 360.88 MHz ( period = 2.771 ns )                    ; score2[1]~reg0    ; score2[2]~reg0    ; clock      ; clock    ; None                        ; None                      ; 2.532 ns                ;
; N/A                                     ; 360.88 MHz ( period = 2.771 ns )                    ; score2[1]~reg0    ; score2[3]~reg0    ; clock      ; clock    ; None                        ; None                      ; 2.532 ns                ;
; N/A                                     ; 360.88 MHz ( period = 2.771 ns )                    ; score2[1]~reg0    ; score2[4]~reg0    ; clock      ; clock    ; None                        ; None                      ; 2.532 ns                ;
; N/A                                     ; 360.88 MHz ( period = 2.771 ns )                    ; score2[1]~reg0    ; score2[7]~reg0    ; clock      ; clock    ; None                        ; None                      ; 2.532 ns                ;
; N/A                                     ; 360.88 MHz ( period = 2.771 ns )                    ; score2[1]~reg0    ; score2[6]~reg0    ; clock      ; clock    ; None                        ; None                      ; 2.532 ns                ;
; N/A                                     ; 360.88 MHz ( period = 2.771 ns )                    ; score2[1]~reg0    ; score2[5]~reg0    ; clock      ; clock    ; None                        ; None                      ; 2.532 ns                ;
; N/A                                     ; 362.45 MHz ( period = 2.759 ns )                    ; seconds[1]~reg0   ; seconds[2]~reg0   ; clock      ; clock    ; None                        ; None                      ; 2.520 ns                ;
; N/A                                     ; 364.17 MHz ( period = 2.746 ns )                    ; minutes[3]~reg0   ; minutes[0]~reg0   ; clock      ; clock    ; None                        ; None                      ; 2.507 ns                ;
; N/A                                     ; 364.43 MHz ( period = 2.744 ns )                    ; minutes[3]~reg0   ; minutes[3]~reg0   ; clock      ; clock    ; None                        ; None                      ; 2.505 ns                ;
; N/A                                     ; 364.56 MHz ( period = 2.743 ns )                    ; minutes[3]~reg0   ; minutes[1]~reg0   ; clock      ; clock    ; None                        ; None                      ; 2.504 ns                ;
; N/A                                     ; 365.63 MHz ( period = 2.735 ns )                    ; score2[0]~reg0    ; score2[0]~reg0    ; clock      ; clock    ; None                        ; None                      ; 2.496 ns                ;
; N/A                                     ; 365.63 MHz ( period = 2.735 ns )                    ; score2[0]~reg0    ; score2[1]~reg0    ; clock      ; clock    ; None                        ; None                      ; 2.496 ns                ;
; N/A                                     ; 365.63 MHz ( period = 2.735 ns )                    ; score2[0]~reg0    ; score2[2]~reg0    ; clock      ; clock    ; None                        ; None                      ; 2.496 ns                ;
; N/A                                     ; 365.63 MHz ( period = 2.735 ns )                    ; score2[0]~reg0    ; score2[3]~reg0    ; clock      ; clock    ; None                        ; None                      ; 2.496 ns                ;
; N/A                                     ; 365.63 MHz ( period = 2.735 ns )                    ; score2[0]~reg0    ; score2[4]~reg0    ; clock      ; clock    ; None                        ; None                      ; 2.496 ns                ;
; N/A                                     ; 365.63 MHz ( period = 2.735 ns )                    ; score2[0]~reg0    ; score2[7]~reg0    ; clock      ; clock    ; None                        ; None                      ; 2.496 ns                ;
; N/A                                     ; 365.63 MHz ( period = 2.735 ns )                    ; score2[0]~reg0    ; score2[6]~reg0    ; clock      ; clock    ; None                        ; None                      ; 2.496 ns                ;
; N/A                                     ; 365.63 MHz ( period = 2.735 ns )                    ; score2[0]~reg0    ; score2[5]~reg0    ; clock      ; clock    ; None                        ; None                      ; 2.496 ns                ;
; N/A                                     ; 366.17 MHz ( period = 2.731 ns )                    ; seconds[0]~reg0   ; seconds[0]~reg0   ; clock      ; clock    ; None                        ; None                      ; 2.492 ns                ;
; N/A                                     ; 367.38 MHz ( period = 2.722 ns )                    ; score1[1]~reg0    ; score1[0]~reg0    ; clock      ; clock    ; None                        ; None                      ; 2.483 ns                ;
; N/A                                     ; 367.38 MHz ( period = 2.722 ns )                    ; score1[1]~reg0    ; score1[1]~reg0    ; clock      ; clock    ; None                        ; None                      ; 2.483 ns                ;
; N/A                                     ; 367.38 MHz ( period = 2.722 ns )                    ; score1[1]~reg0    ; score1[2]~reg0    ; clock      ; clock    ; None                        ; None                      ; 2.483 ns                ;
; N/A                                     ; 367.38 MHz ( period = 2.722 ns )                    ; score1[1]~reg0    ; score1[3]~reg0    ; clock      ; clock    ; None                        ; None                      ; 2.483 ns                ;
; N/A                                     ; 367.38 MHz ( period = 2.722 ns )                    ; score1[1]~reg0    ; score1[5]~reg0    ; clock      ; clock    ; None                        ; None                      ; 2.483 ns                ;
; N/A                                     ; 367.38 MHz ( period = 2.722 ns )                    ; score1[1]~reg0    ; score1[4]~reg0    ; clock      ; clock    ; None                        ; None                      ; 2.483 ns                ;
; N/A                                     ; 367.38 MHz ( period = 2.722 ns )                    ; score1[1]~reg0    ; score1[7]~reg0    ; clock      ; clock    ; None                        ; None                      ; 2.483 ns                ;
; N/A                                     ; 367.38 MHz ( period = 2.722 ns )                    ; score1[1]~reg0    ; score1[6]~reg0    ; clock      ; clock    ; None                        ; None                      ; 2.483 ns                ;
; N/A                                     ; 369.14 MHz ( period = 2.709 ns )                    ; shotclock[3]~reg0 ; shotclock[0]~reg0 ; clock      ; clock    ; None                        ; None                      ; 2.470 ns                ;
; N/A                                     ; 369.14 MHz ( period = 2.709 ns )                    ; shotclock[2]~reg0 ; shotclock[2]~reg0 ; clock      ; clock    ; None                        ; None                      ; 2.470 ns                ;
; N/A                                     ; 369.69 MHz ( period = 2.705 ns )                    ; seconds[3]~reg0   ; seconds[3]~reg0   ; clock      ; clock    ; None                        ; None                      ; 2.466 ns                ;
; N/A                                     ; 369.69 MHz ( period = 2.705 ns )                    ; seconds[2]~reg0   ; seconds[4]~reg0   ; clock      ; clock    ; None                        ; None                      ; 2.466 ns                ;
; N/A                                     ; 370.23 MHz ( period = 2.701 ns )                    ; seconds[5]~reg0   ; seconds[3]~reg0   ; clock      ; clock    ; None                        ; None                      ; 2.462 ns                ;
; N/A                                     ; 373.13 MHz ( period = 2.680 ns )                    ; minutes[0]~reg0   ; minutes[2]~reg0   ; clock      ; clock    ; None                        ; None                      ; 2.441 ns                ;
; N/A                                     ; 373.27 MHz ( period = 2.679 ns )                    ; seconds[1]~reg0   ; seconds[1]~reg0   ; clock      ; clock    ; None                        ; None                      ; 2.440 ns                ;
; N/A                                     ; 378.64 MHz ( period = 2.641 ns )                    ; minutes[1]~reg0   ; minutes[2]~reg0   ; clock      ; clock    ; None                        ; None                      ; 2.402 ns                ;
; N/A                                     ; 379.08 MHz ( period = 2.638 ns )                    ; score1[5]~reg0    ; score1[0]~reg0    ; clock      ; clock    ; None                        ; None                      ; 2.399 ns                ;
; N/A                                     ; 379.08 MHz ( period = 2.638 ns )                    ; score1[5]~reg0    ; score1[1]~reg0    ; clock      ; clock    ; None                        ; None                      ; 2.399 ns                ;
; N/A                                     ; 379.08 MHz ( period = 2.638 ns )                    ; score1[5]~reg0    ; score1[2]~reg0    ; clock      ; clock    ; None                        ; None                      ; 2.399 ns                ;
; N/A                                     ; 379.08 MHz ( period = 2.638 ns )                    ; score1[5]~reg0    ; score1[3]~reg0    ; clock      ; clock    ; None                        ; None                      ; 2.399 ns                ;
; N/A                                     ; 379.08 MHz ( period = 2.638 ns )                    ; score1[5]~reg0    ; score1[5]~reg0    ; clock      ; clock    ; None                        ; None                      ; 2.399 ns                ;
; N/A                                     ; 379.08 MHz ( period = 2.638 ns )                    ; score1[5]~reg0    ; score1[4]~reg0    ; clock      ; clock    ; None                        ; None                      ; 2.399 ns                ;
; N/A                                     ; 379.08 MHz ( period = 2.638 ns )                    ; score1[5]~reg0    ; score1[7]~reg0    ; clock      ; clock    ; None                        ; None                      ; 2.399 ns                ;
; N/A                                     ; 379.08 MHz ( period = 2.638 ns )                    ; score1[5]~reg0    ; score1[6]~reg0    ; clock      ; clock    ; None                        ; None                      ; 2.399 ns                ;
; N/A                                     ; Restricted to 380.08 MHz ( period = 2.631 ns )      ; shotclock[2]~reg0 ; shotclock[1]~reg0 ; clock      ; clock    ; None                        ; None                      ; 2.390 ns                ;
; N/A                                     ; Restricted to 380.08 MHz ( period = 2.631 ns )      ; seconds[3]~reg0   ; seconds[2]~reg0   ; clock      ; clock    ; None                        ; None                      ; 2.386 ns                ;
; N/A                                     ; Restricted to 380.08 MHz ( period = 2.631 ns )      ; seconds[5]~reg0   ; seconds[2]~reg0   ; clock      ; clock    ; None                        ; None                      ; 2.382 ns                ;
; N/A                                     ; Restricted to 380.08 MHz ( period = 2.631 ns )      ; score2[4]~reg0    ; score2[0]~reg0    ; clock      ; clock    ; None                        ; None                      ; 2.377 ns                ;
; N/A                                     ; Restricted to 380.08 MHz ( period = 2.631 ns )      ; score2[4]~reg0    ; score2[1]~reg0    ; clock      ; clock    ; None                        ; None                      ; 2.377 ns                ;
; N/A                                     ; Restricted to 380.08 MHz ( period = 2.631 ns )      ; score2[4]~reg0    ; score2[2]~reg0    ; clock      ; clock    ; None                        ; None                      ; 2.377 ns                ;
; N/A                                     ; Restricted to 380.08 MHz ( period = 2.631 ns )      ; score2[4]~reg0    ; score2[3]~reg0    ; clock      ; clock    ; None                        ; None                      ; 2.377 ns                ;
; N/A                                     ; Restricted to 380.08 MHz ( period = 2.631 ns )      ; score2[4]~reg0    ; score2[4]~reg0    ; clock      ; clock    ; None                        ; None                      ; 2.377 ns                ;
; N/A                                     ; Restricted to 380.08 MHz ( period = 2.631 ns )      ; score2[4]~reg0    ; score2[7]~reg0    ; clock      ; clock    ; None                        ; None                      ; 2.377 ns                ;
; N/A                                     ; Restricted to 380.08 MHz ( period = 2.631 ns )      ; score2[4]~reg0    ; score2[6]~reg0    ; clock      ; clock    ; None                        ; None                      ; 2.377 ns                ;
; N/A                                     ; Restricted to 380.08 MHz ( period = 2.631 ns )      ; score2[4]~reg0    ; score2[5]~reg0    ; clock      ; clock    ; None                        ; None                      ; 2.377 ns                ;
; N/A                                     ; Restricted to 380.08 MHz ( period = 2.631 ns )      ; minutes[2]~reg0   ; minutes[2]~reg0   ; clock      ; clock    ; None                        ; None                      ; 2.373 ns                ;
; N/A                                     ; Restricted to 380.08 MHz ( period = 2.631 ns )      ; score2[2]~reg0    ; score2[0]~reg0    ; clock      ; clock    ; None                        ; None                      ; 2.367 ns                ;
; N/A                                     ; Restricted to 380.08 MHz ( period = 2.631 ns )      ; score2[2]~reg0    ; score2[1]~reg0    ; clock      ; clock    ; None                        ; None                      ; 2.367 ns                ;
; N/A                                     ; Restricted to 380.08 MHz ( period = 2.631 ns )      ; score2[2]~reg0    ; score2[2]~reg0    ; clock      ; clock    ; None                        ; None                      ; 2.367 ns                ;
; N/A                                     ; Restricted to 380.08 MHz ( period = 2.631 ns )      ; score2[2]~reg0    ; score2[3]~reg0    ; clock      ; clock    ; None                        ; None                      ; 2.367 ns                ;
; N/A                                     ; Restricted to 380.08 MHz ( period = 2.631 ns )      ; score2[2]~reg0    ; score2[4]~reg0    ; clock      ; clock    ; None                        ; None                      ; 2.367 ns                ;
; N/A                                     ; Restricted to 380.08 MHz ( period = 2.631 ns )      ; score2[2]~reg0    ; score2[7]~reg0    ; clock      ; clock    ; None                        ; None                      ; 2.367 ns                ;
; N/A                                     ; Restricted to 380.08 MHz ( period = 2.631 ns )      ; score2[2]~reg0    ; score2[6]~reg0    ; clock      ; clock    ; None                        ; None                      ; 2.367 ns                ;
; N/A                                     ; Restricted to 380.08 MHz ( period = 2.631 ns )      ; score2[2]~reg0    ; score2[5]~reg0    ; clock      ; clock    ; None                        ; None                      ; 2.367 ns                ;
; N/A                                     ; Restricted to 380.08 MHz ( period = 2.631 ns )      ; score1[4]~reg0    ; score1[0]~reg0    ; clock      ; clock    ; None                        ; None                      ; 2.360 ns                ;
; N/A                                     ; Restricted to 380.08 MHz ( period = 2.631 ns )      ; score1[4]~reg0    ; score1[1]~reg0    ; clock      ; clock    ; None                        ; None                      ; 2.360 ns                ;
; N/A                                     ; Restricted to 380.08 MHz ( period = 2.631 ns )      ; score1[4]~reg0    ; score1[2]~reg0    ; clock      ; clock    ; None                        ; None                      ; 2.360 ns                ;
; N/A                                     ; Restricted to 380.08 MHz ( period = 2.631 ns )      ; score1[4]~reg0    ; score1[3]~reg0    ; clock      ; clock    ; None                        ; None                      ; 2.360 ns                ;
; N/A                                     ; Restricted to 380.08 MHz ( period = 2.631 ns )      ; score1[4]~reg0    ; score1[5]~reg0    ; clock      ; clock    ; None                        ; None                      ; 2.360 ns                ;
; N/A                                     ; Restricted to 380.08 MHz ( period = 2.631 ns )      ; score1[4]~reg0    ; score1[4]~reg0    ; clock      ; clock    ; None                        ; None                      ; 2.360 ns                ;
; N/A                                     ; Restricted to 380.08 MHz ( period = 2.631 ns )      ; score1[4]~reg0    ; score1[7]~reg0    ; clock      ; clock    ; None                        ; None                      ; 2.360 ns                ;
; N/A                                     ; Restricted to 380.08 MHz ( period = 2.631 ns )      ; score1[4]~reg0    ; score1[6]~reg0    ; clock      ; clock    ; None                        ; None                      ; 2.360 ns                ;
; N/A                                     ; Restricted to 380.08 MHz ( period = 2.631 ns )      ; score1[2]~reg0    ; score1[0]~reg0    ; clock      ; clock    ; None                        ; None                      ; 2.359 ns                ;
; N/A                                     ; Restricted to 380.08 MHz ( period = 2.631 ns )      ; score1[2]~reg0    ; score1[1]~reg0    ; clock      ; clock    ; None                        ; None                      ; 2.359 ns                ;
; N/A                                     ; Restricted to 380.08 MHz ( period = 2.631 ns )      ; score1[2]~reg0    ; score1[2]~reg0    ; clock      ; clock    ; None                        ; None                      ; 2.359 ns                ;
; N/A                                     ; Restricted to 380.08 MHz ( period = 2.631 ns )      ; score1[2]~reg0    ; score1[3]~reg0    ; clock      ; clock    ; None                        ; None                      ; 2.359 ns                ;
; N/A                                     ; Restricted to 380.08 MHz ( period = 2.631 ns )      ; score1[2]~reg0    ; score1[5]~reg0    ; clock      ; clock    ; None                        ; None                      ; 2.359 ns                ;
; N/A                                     ; Restricted to 380.08 MHz ( period = 2.631 ns )      ; score1[2]~reg0    ; score1[4]~reg0    ; clock      ; clock    ; None                        ; None                      ; 2.359 ns                ;
; N/A                                     ; Restricted to 380.08 MHz ( period = 2.631 ns )      ; score1[2]~reg0    ; score1[7]~reg0    ; clock      ; clock    ; None                        ; None                      ; 2.359 ns                ;
; N/A                                     ; Restricted to 380.08 MHz ( period = 2.631 ns )      ; score1[2]~reg0    ; score1[6]~reg0    ; clock      ; clock    ; None                        ; None                      ; 2.359 ns                ;
; N/A                                     ; Restricted to 380.08 MHz ( period = 2.631 ns )      ; seconds[2]~reg0   ; seconds[3]~reg0   ; clock      ; clock    ; None                        ; None                      ; 2.357 ns                ;
; N/A                                     ; Restricted to 380.08 MHz ( period = 2.631 ns )      ; score2[7]~reg0    ; score2[0]~reg0    ; clock      ; clock    ; None                        ; None                      ; 2.345 ns                ;
; N/A                                     ; Restricted to 380.08 MHz ( period = 2.631 ns )      ; score2[7]~reg0    ; score2[1]~reg0    ; clock      ; clock    ; None                        ; None                      ; 2.345 ns                ;
; N/A                                     ; Restricted to 380.08 MHz ( period = 2.631 ns )      ; score2[7]~reg0    ; score2[2]~reg0    ; clock      ; clock    ; None                        ; None                      ; 2.345 ns                ;
; N/A                                     ; Restricted to 380.08 MHz ( period = 2.631 ns )      ; score2[7]~reg0    ; score2[3]~reg0    ; clock      ; clock    ; None                        ; None                      ; 2.345 ns                ;
; N/A                                     ; Restricted to 380.08 MHz ( period = 2.631 ns )      ; score2[7]~reg0    ; score2[4]~reg0    ; clock      ; clock    ; None                        ; None                      ; 2.345 ns                ;
; N/A                                     ; Restricted to 380.08 MHz ( period = 2.631 ns )      ; score2[7]~reg0    ; score2[7]~reg0    ; clock      ; clock    ; None                        ; None                      ; 2.345 ns                ;
; N/A                                     ; Restricted to 380.08 MHz ( period = 2.631 ns )      ; score2[7]~reg0    ; score2[6]~reg0    ; clock      ; clock    ; None                        ; None                      ; 2.345 ns                ;
; N/A                                     ; Restricted to 380.08 MHz ( period = 2.631 ns )      ; score2[7]~reg0    ; score2[5]~reg0    ; clock      ; clock    ; None                        ; None                      ; 2.345 ns                ;
; N/A                                     ; Restricted to 380.08 MHz ( period = 2.631 ns )      ; seconds[3]~reg0   ; seconds[1]~reg0   ; clock      ; clock    ; None                        ; None                      ; 2.306 ns                ;
; N/A                                     ; Restricted to 380.08 MHz ( period = 2.631 ns )      ; seconds[5]~reg0   ; seconds[1]~reg0   ; clock      ; clock    ; None                        ; None                      ; 2.302 ns                ;
; N/A                                     ; Restricted to 380.08 MHz ( period = 2.631 ns )      ; minutes[3]~reg0   ; minutes[2]~reg0   ; clock      ; clock    ; None                        ; None                      ; 2.289 ns                ;
; N/A                                     ; Restricted to 380.08 MHz ( period = 2.631 ns )      ; shotclock[1]~reg0 ; shotclock[0]~reg0 ; clock      ; clock    ; None                        ; None                      ; 2.280 ns                ;
; N/A                                     ; Restricted to 380.08 MHz ( period = 2.631 ns )      ; seconds[2]~reg0   ; seconds[2]~reg0   ; clock      ; clock    ; None                        ; None                      ; 2.277 ns                ;
; N/A                                     ; Restricted to 380.08 MHz ( period = 2.631 ns )      ; score2[5]~reg0    ; score2[0]~reg0    ; clock      ; clock    ; None                        ; None                      ; 2.240 ns                ;
; N/A                                     ; Restricted to 380.08 MHz ( period = 2.631 ns )      ; score2[5]~reg0    ; score2[1]~reg0    ; clock      ; clock    ; None                        ; None                      ; 2.240 ns                ;
; N/A                                     ; Restricted to 380.08 MHz ( period = 2.631 ns )      ; score2[5]~reg0    ; score2[2]~reg0    ; clock      ; clock    ; None                        ; None                      ; 2.240 ns                ;
; N/A                                     ; Restricted to 380.08 MHz ( period = 2.631 ns )      ; score2[5]~reg0    ; score2[3]~reg0    ; clock      ; clock    ; None                        ; None                      ; 2.240 ns                ;
; N/A                                     ; Restricted to 380.08 MHz ( period = 2.631 ns )      ; score2[5]~reg0    ; score2[4]~reg0    ; clock      ; clock    ; None                        ; None                      ; 2.240 ns                ;
; N/A                                     ; Restricted to 380.08 MHz ( period = 2.631 ns )      ; score2[5]~reg0    ; score2[7]~reg0    ; clock      ; clock    ; None                        ; None                      ; 2.240 ns                ;
; N/A                                     ; Restricted to 380.08 MHz ( period = 2.631 ns )      ; score2[5]~reg0    ; score2[6]~reg0    ; clock      ; clock    ; None                        ; None                      ; 2.240 ns                ;
; N/A                                     ; Restricted to 380.08 MHz ( period = 2.631 ns )      ; score2[5]~reg0    ; score2[5]~reg0    ; clock      ; clock    ; None                        ; None                      ; 2.240 ns                ;
; N/A                                     ; Restricted to 380.08 MHz ( period = 2.631 ns )      ; score1[7]~reg0    ; score1[0]~reg0    ; clock      ; clock    ; None                        ; None                      ; 2.234 ns                ;
; N/A                                     ; Restricted to 380.08 MHz ( period = 2.631 ns )      ; score1[7]~reg0    ; score1[1]~reg0    ; clock      ; clock    ; None                        ; None                      ; 2.234 ns                ;
; N/A                                     ; Restricted to 380.08 MHz ( period = 2.631 ns )      ; score1[7]~reg0    ; score1[2]~reg0    ; clock      ; clock    ; None                        ; None                      ; 2.234 ns                ;
; N/A                                     ; Restricted to 380.08 MHz ( period = 2.631 ns )      ; score1[7]~reg0    ; score1[3]~reg0    ; clock      ; clock    ; None                        ; None                      ; 2.234 ns                ;
; N/A                                     ; Restricted to 380.08 MHz ( period = 2.631 ns )      ; score1[7]~reg0    ; score1[5]~reg0    ; clock      ; clock    ; None                        ; None                      ; 2.234 ns                ;
; N/A                                     ; Restricted to 380.08 MHz ( period = 2.631 ns )      ; score1[7]~reg0    ; score1[4]~reg0    ; clock      ; clock    ; None                        ; None                      ; 2.234 ns                ;
; N/A                                     ; Restricted to 380.08 MHz ( period = 2.631 ns )      ; score1[7]~reg0    ; score1[7]~reg0    ; clock      ; clock    ; None                        ; None                      ; 2.234 ns                ;
; N/A                                     ; Restricted to 380.08 MHz ( period = 2.631 ns )      ; score1[7]~reg0    ; score1[6]~reg0    ; clock      ; clock    ; None                        ; None                      ; 2.234 ns                ;
; N/A                                     ; Restricted to 380.08 MHz ( period = 2.631 ns )      ; score2[3]~reg0    ; score2[0]~reg0    ; clock      ; clock    ; None                        ; None                      ; 2.231 ns                ;
; N/A                                     ; Restricted to 380.08 MHz ( period = 2.631 ns )      ; score2[3]~reg0    ; score2[1]~reg0    ; clock      ; clock    ; None                        ; None                      ; 2.231 ns                ;
; N/A                                     ; Restricted to 380.08 MHz ( period = 2.631 ns )      ; score2[3]~reg0    ; score2[2]~reg0    ; clock      ; clock    ; None                        ; None                      ; 2.231 ns                ;
; N/A                                     ; Restricted to 380.08 MHz ( period = 2.631 ns )      ; score2[3]~reg0    ; score2[3]~reg0    ; clock      ; clock    ; None                        ; None                      ; 2.231 ns                ;
; N/A                                     ; Restricted to 380.08 MHz ( period = 2.631 ns )      ; score2[3]~reg0    ; score2[4]~reg0    ; clock      ; clock    ; None                        ; None                      ; 2.231 ns                ;
; N/A                                     ; Restricted to 380.08 MHz ( period = 2.631 ns )      ; score2[3]~reg0    ; score2[7]~reg0    ; clock      ; clock    ; None                        ; None                      ; 2.231 ns                ;
; N/A                                     ; Restricted to 380.08 MHz ( period = 2.631 ns )      ; score2[3]~reg0    ; score2[6]~reg0    ; clock      ; clock    ; None                        ; None                      ; 2.231 ns                ;
; N/A                                     ; Restricted to 380.08 MHz ( period = 2.631 ns )      ; score2[3]~reg0    ; score2[5]~reg0    ; clock      ; clock    ; None                        ; None                      ; 2.231 ns                ;
; N/A                                     ; Restricted to 380.08 MHz ( period = 2.631 ns )      ; score1[3]~reg0    ; score1[0]~reg0    ; clock      ; clock    ; None                        ; None                      ; 2.223 ns                ;
; N/A                                     ; Restricted to 380.08 MHz ( period = 2.631 ns )      ; score1[3]~reg0    ; score1[1]~reg0    ; clock      ; clock    ; None                        ; None                      ; 2.223 ns                ;
; N/A                                     ; Restricted to 380.08 MHz ( period = 2.631 ns )      ; score1[3]~reg0    ; score1[2]~reg0    ; clock      ; clock    ; None                        ; None                      ; 2.223 ns                ;
; N/A                                     ; Restricted to 380.08 MHz ( period = 2.631 ns )      ; score1[3]~reg0    ; score1[3]~reg0    ; clock      ; clock    ; None                        ; None                      ; 2.223 ns                ;
; N/A                                     ; Restricted to 380.08 MHz ( period = 2.631 ns )      ; score1[3]~reg0    ; score1[5]~reg0    ; clock      ; clock    ; None                        ; None                      ; 2.223 ns                ;
; N/A                                     ; Restricted to 380.08 MHz ( period = 2.631 ns )      ; score1[3]~reg0    ; score1[4]~reg0    ; clock      ; clock    ; None                        ; None                      ; 2.223 ns                ;
; N/A                                     ; Restricted to 380.08 MHz ( period = 2.631 ns )      ; score1[3]~reg0    ; score1[7]~reg0    ; clock      ; clock    ; None                        ; None                      ; 2.223 ns                ;
; N/A                                     ; Restricted to 380.08 MHz ( period = 2.631 ns )      ; score1[3]~reg0    ; score1[6]~reg0    ; clock      ; clock    ; None                        ; None                      ; 2.223 ns                ;
; N/A                                     ; Restricted to 380.08 MHz ( period = 2.631 ns )      ; score2[6]~reg0    ; score2[7]~reg0    ; clock      ; clock    ; None                        ; None                      ; 2.220 ns                ;
; N/A                                     ; Restricted to 380.08 MHz ( period = 2.631 ns )      ; score2[6]~reg0    ; score2[6]~reg0    ; clock      ; clock    ; None                        ; None                      ; 2.220 ns                ;
; Timing analysis restricted to 200 rows. ; To change the limit use Settings (Assignments menu) ;                   ;                   ;            ;          ;                             ;                           ;                         ;
+-----------------------------------------+-----------------------------------------------------+-------------------+-------------------+------------+----------+-----------------------------+---------------------------+-------------------------+


+-------------------------------------------------------------------------+
; tsu                                                                     ;
+-------+--------------+------------+------+-------------------+----------+
; Slack ; Required tsu ; Actual tsu ; From ; To                ; To Clock ;
+-------+--------------+------------+------+-------------------+----------+
; N/A   ; None         ; 6.199 ns   ; SW2  ; shotclock[4]~reg0 ; clock    ;
; N/A   ; None         ; 6.079 ns   ; SW4  ; shotclock[4]~reg0 ; clock    ;
; N/A   ; None         ; 6.025 ns   ; SW2  ; shotclock[3]~reg0 ; clock    ;
; N/A   ; None         ; 5.963 ns   ; SW1  ; shotclock[4]~reg0 ; clock    ;
; N/A   ; None         ; 5.945 ns   ; SW2  ; shotclock[2]~reg0 ; clock    ;
; N/A   ; None         ; 5.934 ns   ; SW1  ; minutes[0]~reg0   ; clock    ;
; N/A   ; None         ; 5.932 ns   ; SW1  ; minutes[3]~reg0   ; clock    ;
; N/A   ; None         ; 5.931 ns   ; SW1  ; minutes[1]~reg0   ; clock    ;
; N/A   ; None         ; 5.905 ns   ; SW4  ; shotclock[3]~reg0 ; clock    ;
; N/A   ; None         ; 5.865 ns   ; SW2  ; shotclock[1]~reg0 ; clock    ;
; N/A   ; None         ; 5.825 ns   ; SW4  ; shotclock[2]~reg0 ; clock    ;
; N/A   ; None         ; 5.810 ns   ; SW1  ; seconds[5]~reg0   ; clock    ;
; N/A   ; None         ; 5.789 ns   ; SW1  ; shotclock[3]~reg0 ; clock    ;
; N/A   ; None         ; 5.745 ns   ; SW4  ; shotclock[1]~reg0 ; clock    ;
; N/A   ; None         ; 5.730 ns   ; SW1  ; seconds[4]~reg0   ; clock    ;
; N/A   ; None         ; 5.709 ns   ; SW1  ; shotclock[2]~reg0 ; clock    ;
; N/A   ; None         ; 5.629 ns   ; SW1  ; shotclock[1]~reg0 ; clock    ;
; N/A   ; None         ; 5.621 ns   ; SW1  ; seconds[3]~reg0   ; clock    ;
; N/A   ; None         ; 5.601 ns   ; PB3  ; score2[7]~reg0    ; clock    ;
; N/A   ; None         ; 5.541 ns   ; SW1  ; seconds[2]~reg0   ; clock    ;
; N/A   ; None         ; 5.521 ns   ; PB3  ; score2[6]~reg0    ; clock    ;
; N/A   ; None         ; 5.474 ns   ; PB1  ; score1[7]~reg0    ; clock    ;
; N/A   ; None         ; 5.461 ns   ; SW1  ; seconds[1]~reg0   ; clock    ;
; N/A   ; None         ; 5.414 ns   ; PB4  ; score2[7]~reg0    ; clock    ;
; N/A   ; None         ; 5.403 ns   ; SW2  ; shotclock[0]~reg0 ; clock    ;
; N/A   ; None         ; 5.394 ns   ; PB1  ; score1[6]~reg0    ; clock    ;
; N/A   ; None         ; 5.347 ns   ; PB3  ; score2[5]~reg0    ; clock    ;
; N/A   ; None         ; 5.334 ns   ; PB4  ; score2[6]~reg0    ; clock    ;
; N/A   ; None         ; 5.321 ns   ; PB2  ; score1[7]~reg0    ; clock    ;
; N/A   ; None         ; 5.314 ns   ; PB1  ; score1[5]~reg0    ; clock    ;
; N/A   ; None         ; 5.283 ns   ; SW4  ; shotclock[0]~reg0 ; clock    ;
; N/A   ; None         ; 5.267 ns   ; PB3  ; score2[4]~reg0    ; clock    ;
; N/A   ; None         ; 5.241 ns   ; PB2  ; score1[6]~reg0    ; clock    ;
; N/A   ; None         ; 5.234 ns   ; PB1  ; score1[4]~reg0    ; clock    ;
; N/A   ; None         ; 5.187 ns   ; PB3  ; score2[3]~reg0    ; clock    ;
; N/A   ; None         ; 5.167 ns   ; SW1  ; shotclock[0]~reg0 ; clock    ;
; N/A   ; None         ; 5.161 ns   ; PB2  ; score1[5]~reg0    ; clock    ;
; N/A   ; None         ; 5.160 ns   ; PB4  ; score2[5]~reg0    ; clock    ;
; N/A   ; None         ; 5.154 ns   ; PB1  ; score1[3]~reg0    ; clock    ;
; N/A   ; None         ; 5.107 ns   ; PB3  ; score2[2]~reg0    ; clock    ;
; N/A   ; None         ; 5.081 ns   ; PB2  ; score1[4]~reg0    ; clock    ;
; N/A   ; None         ; 5.080 ns   ; PB4  ; score2[4]~reg0    ; clock    ;
; N/A   ; None         ; 5.074 ns   ; PB1  ; score1[2]~reg0    ; clock    ;
; N/A   ; None         ; 5.029 ns   ; SW1  ; seconds[0]~reg0   ; clock    ;
; N/A   ; None         ; 5.001 ns   ; PB2  ; score1[3]~reg0    ; clock    ;
; N/A   ; None         ; 5.000 ns   ; PB4  ; score2[3]~reg0    ; clock    ;
; N/A   ; None         ; 4.942 ns   ; SW2  ; minutes[1]~reg0   ; clock    ;
; N/A   ; None         ; 4.921 ns   ; PB2  ; score1[2]~reg0    ; clock    ;
; N/A   ; None         ; 4.920 ns   ; PB4  ; score2[2]~reg0    ; clock    ;
; N/A   ; None         ; 4.915 ns   ; SW1  ; minutes[2]~reg0   ; clock    ;
; N/A   ; None         ; 4.815 ns   ; PB4  ; score2[0]~reg0    ; clock    ;
; N/A   ; None         ; 4.815 ns   ; PB4  ; score2[1]~reg0    ; clock    ;
; N/A   ; None         ; 4.798 ns   ; PB1  ; score1[0]~reg0    ; clock    ;
; N/A   ; None         ; 4.798 ns   ; PB1  ; score1[1]~reg0    ; clock    ;
; N/A   ; None         ; 4.773 ns   ; SW2  ; minutes[2]~reg0   ; clock    ;
; N/A   ; None         ; 4.758 ns   ; PB3  ; score2[0]~reg0    ; clock    ;
; N/A   ; None         ; 4.758 ns   ; PB3  ; score2[1]~reg0    ; clock    ;
; N/A   ; None         ; 4.745 ns   ; PB2  ; score1[0]~reg0    ; clock    ;
; N/A   ; None         ; 4.745 ns   ; PB2  ; score1[1]~reg0    ; clock    ;
; N/A   ; None         ; 4.617 ns   ; SW2  ; minutes[0]~reg0   ; clock    ;
; N/A   ; None         ; 4.615 ns   ; SW2  ; minutes[3]~reg0   ; clock    ;
; N/A   ; None         ; 4.178 ns   ; SW2  ; seconds[0]~reg0   ; clock    ;
; N/A   ; None         ; 4.178 ns   ; SW2  ; seconds[5]~reg0   ; clock    ;
; N/A   ; None         ; 4.178 ns   ; SW2  ; seconds[2]~reg0   ; clock    ;
; N/A   ; None         ; 4.178 ns   ; SW2  ; seconds[3]~reg0   ; clock    ;
; N/A   ; None         ; 4.178 ns   ; SW2  ; seconds[4]~reg0   ; clock    ;
; N/A   ; None         ; 4.178 ns   ; SW2  ; seconds[1]~reg0   ; clock    ;
; N/A   ; None         ; 3.862 ns   ; SW3  ; shotclock[0]~reg0 ; clock    ;
; N/A   ; None         ; 3.862 ns   ; SW3  ; shotclock[1]~reg0 ; clock    ;
; N/A   ; None         ; 3.862 ns   ; SW3  ; shotclock[3]~reg0 ; clock    ;
; N/A   ; None         ; 3.862 ns   ; SW3  ; shotclock[4]~reg0 ; clock    ;
; N/A   ; None         ; 3.862 ns   ; SW3  ; shotclock[2]~reg0 ; clock    ;
+-------+--------------+------------+------+-------------------+----------+


+-----------------------------------------------------------------------------------+
; tco                                                                               ;
+-------+--------------+------------+-------------------+--------------+------------+
; Slack ; Required tco ; Actual tco ; From              ; To           ; From Clock ;
+-------+--------------+------------+-------------------+--------------+------------+
; N/A   ; None         ; 8.530 ns   ; score1[5]~reg0    ; score1[5]    ; clock      ;
; N/A   ; None         ; 7.604 ns   ; seconds[2]~reg0   ; seconds[2]   ; clock      ;
; N/A   ; None         ; 7.590 ns   ; minutes[0]~reg0   ; minutes[0]   ; clock      ;
; N/A   ; None         ; 7.265 ns   ; score1[7]~reg0    ; score1[7]    ; clock      ;
; N/A   ; None         ; 7.164 ns   ; minutes[3]~reg0   ; minutes[3]   ; clock      ;
; N/A   ; None         ; 7.149 ns   ; seconds[0]~reg0   ; seconds[0]   ; clock      ;
; N/A   ; None         ; 7.144 ns   ; seconds[3]~reg0   ; seconds[3]   ; clock      ;
; N/A   ; None         ; 7.134 ns   ; score1[2]~reg0    ; score1[2]    ; clock      ;
; N/A   ; None         ; 7.113 ns   ; seconds[5]~reg0   ; seconds[5]   ; clock      ;
; N/A   ; None         ; 7.107 ns   ; seconds[1]~reg0   ; seconds[1]   ; clock      ;
; N/A   ; None         ; 7.104 ns   ; minutes[1]~reg0   ; minutes[1]   ; clock      ;
; N/A   ; None         ; 7.082 ns   ; score2[2]~reg0    ; score2[2]    ; clock      ;
; N/A   ; None         ; 7.079 ns   ; shotclock[0]~reg0 ; shotclock[0] ; clock      ;
; N/A   ; None         ; 7.030 ns   ; score2[0]~reg0    ; score2[0]    ; clock      ;
; N/A   ; None         ; 6.946 ns   ; score2[7]~reg0    ; score2[7]    ; clock      ;
; N/A   ; None         ; 6.938 ns   ; score2[4]~reg0    ; score2[4]    ; clock      ;
; N/A   ; None         ; 6.894 ns   ; score1[6]~reg0    ; score1[6]    ; clock      ;
; N/A   ; None         ; 6.889 ns   ; shotclock[4]~reg0 ; shotclock[4] ; clock      ;
; N/A   ; None         ; 6.889 ns   ; shotclock[3]~reg0 ; shotclock[3] ; clock      ;
; N/A   ; None         ; 6.889 ns   ; score1[1]~reg0    ; score1[1]    ; clock      ;
; N/A   ; None         ; 6.884 ns   ; shotclock[1]~reg0 ; shotclock[1] ; clock      ;
; N/A   ; None         ; 6.868 ns   ; shotclock[2]~reg0 ; shotclock[2] ; clock      ;
; N/A   ; None         ; 6.868 ns   ; score1[4]~reg0    ; score1[4]    ; clock      ;
; N/A   ; None         ; 6.860 ns   ; score1[0]~reg0    ; score1[0]    ; clock      ;
; N/A   ; None         ; 6.854 ns   ; score1[3]~reg0    ; score1[3]    ; clock      ;
; N/A   ; None         ; 6.845 ns   ; score2[3]~reg0    ; score2[3]    ; clock      ;
; N/A   ; None         ; 6.756 ns   ; seconds[4]~reg0   ; seconds[4]   ; clock      ;
; N/A   ; None         ; 6.587 ns   ; minutes[2]~reg0   ; minutes[2]   ; clock      ;
; N/A   ; None         ; 6.587 ns   ; score2[6]~reg0    ; score2[6]    ; clock      ;
; N/A   ; None         ; 6.538 ns   ; score2[5]~reg0    ; score2[5]    ; clock      ;
; N/A   ; None         ; 6.537 ns   ; score2[1]~reg0    ; score2[1]    ; clock      ;
+-------+--------------+------------+-------------------+--------------+------------+


+-------------------------------------------------------------------------------+
; th                                                                            ;
+---------------+-------------+-----------+------+-------------------+----------+
; Minimum Slack ; Required th ; Actual th ; From ; To                ; To Clock ;
+---------------+-------------+-----------+------+-------------------+----------+
; N/A           ; None        ; -3.234 ns ; SW1  ; minutes[2]~reg0   ; clock    ;
; N/A           ; None        ; -3.536 ns ; SW1  ; seconds[2]~reg0   ; clock    ;
; N/A           ; None        ; -3.614 ns ; SW3  ; shotclock[0]~reg0 ; clock    ;
; N/A           ; None        ; -3.614 ns ; SW3  ; shotclock[1]~reg0 ; clock    ;
; N/A           ; None        ; -3.614 ns ; SW3  ; shotclock[3]~reg0 ; clock    ;
; N/A           ; None        ; -3.614 ns ; SW3  ; shotclock[4]~reg0 ; clock    ;
; N/A           ; None        ; -3.614 ns ; SW3  ; shotclock[2]~reg0 ; clock    ;
; N/A           ; None        ; -3.724 ns ; PB2  ; score1[7]~reg0    ; clock    ;
; N/A           ; None        ; -3.877 ns ; PB1  ; score1[7]~reg0    ; clock    ;
; N/A           ; None        ; -3.887 ns ; SW1  ; seconds[5]~reg0   ; clock    ;
; N/A           ; None        ; -3.891 ns ; PB4  ; score2[7]~reg0    ; clock    ;
; N/A           ; None        ; -3.930 ns ; SW2  ; seconds[0]~reg0   ; clock    ;
; N/A           ; None        ; -3.930 ns ; SW2  ; seconds[5]~reg0   ; clock    ;
; N/A           ; None        ; -3.930 ns ; SW2  ; seconds[2]~reg0   ; clock    ;
; N/A           ; None        ; -3.930 ns ; SW2  ; seconds[3]~reg0   ; clock    ;
; N/A           ; None        ; -3.930 ns ; SW2  ; seconds[4]~reg0   ; clock    ;
; N/A           ; None        ; -3.930 ns ; SW2  ; seconds[1]~reg0   ; clock    ;
; N/A           ; None        ; -3.969 ns ; SW1  ; seconds[3]~reg0   ; clock    ;
; N/A           ; None        ; -4.035 ns ; SW1  ; shotclock[0]~reg0 ; clock    ;
; N/A           ; None        ; -4.049 ns ; SW1  ; seconds[4]~reg0   ; clock    ;
; N/A           ; None        ; -4.072 ns ; PB2  ; score1[6]~reg0    ; clock    ;
; N/A           ; None        ; -4.074 ns ; SW1  ; shotclock[4]~reg0 ; clock    ;
; N/A           ; None        ; -4.074 ns ; PB2  ; score1[2]~reg0    ; clock    ;
; N/A           ; None        ; -4.074 ns ; PB2  ; score1[3]~reg0    ; clock    ;
; N/A           ; None        ; -4.074 ns ; PB2  ; score1[5]~reg0    ; clock    ;
; N/A           ; None        ; -4.074 ns ; PB2  ; score1[4]~reg0    ; clock    ;
; N/A           ; None        ; -4.078 ns ; PB3  ; score2[7]~reg0    ; clock    ;
; N/A           ; None        ; -4.162 ns ; SW1  ; shotclock[1]~reg0 ; clock    ;
; N/A           ; None        ; -4.184 ns ; SW1  ; shotclock[2]~reg0 ; clock    ;
; N/A           ; None        ; -4.225 ns ; PB1  ; score1[6]~reg0    ; clock    ;
; N/A           ; None        ; -4.227 ns ; PB1  ; score1[2]~reg0    ; clock    ;
; N/A           ; None        ; -4.227 ns ; PB1  ; score1[3]~reg0    ; clock    ;
; N/A           ; None        ; -4.227 ns ; PB1  ; score1[5]~reg0    ; clock    ;
; N/A           ; None        ; -4.227 ns ; PB1  ; score1[4]~reg0    ; clock    ;
; N/A           ; None        ; -4.239 ns ; PB4  ; score2[2]~reg0    ; clock    ;
; N/A           ; None        ; -4.239 ns ; PB4  ; score2[3]~reg0    ; clock    ;
; N/A           ; None        ; -4.239 ns ; PB4  ; score2[4]~reg0    ; clock    ;
; N/A           ; None        ; -4.239 ns ; PB4  ; score2[6]~reg0    ; clock    ;
; N/A           ; None        ; -4.239 ns ; PB4  ; score2[5]~reg0    ; clock    ;
; N/A           ; None        ; -4.240 ns ; PB4  ; score2[1]~reg0    ; clock    ;
; N/A           ; None        ; -4.243 ns ; PB2  ; score1[1]~reg0    ; clock    ;
; N/A           ; None        ; -4.289 ns ; SW1  ; seconds[0]~reg0   ; clock    ;
; N/A           ; None        ; -4.335 ns ; SW1  ; shotclock[3]~reg0 ; clock    ;
; N/A           ; None        ; -4.341 ns ; SW2  ; minutes[2]~reg0   ; clock    ;
; N/A           ; None        ; -4.345 ns ; SW2  ; minutes[3]~reg0   ; clock    ;
; N/A           ; None        ; -4.350 ns ; SW2  ; minutes[0]~reg0   ; clock    ;
; N/A           ; None        ; -4.366 ns ; SW2  ; minutes[1]~reg0   ; clock    ;
; N/A           ; None        ; -4.377 ns ; SW1  ; minutes[1]~reg0   ; clock    ;
; N/A           ; None        ; -4.378 ns ; SW1  ; minutes[3]~reg0   ; clock    ;
; N/A           ; None        ; -4.380 ns ; SW1  ; minutes[0]~reg0   ; clock    ;
; N/A           ; None        ; -4.396 ns ; PB1  ; score1[1]~reg0    ; clock    ;
; N/A           ; None        ; -4.426 ns ; PB3  ; score2[2]~reg0    ; clock    ;
; N/A           ; None        ; -4.426 ns ; PB3  ; score2[3]~reg0    ; clock    ;
; N/A           ; None        ; -4.426 ns ; PB3  ; score2[4]~reg0    ; clock    ;
; N/A           ; None        ; -4.426 ns ; PB3  ; score2[6]~reg0    ; clock    ;
; N/A           ; None        ; -4.426 ns ; PB3  ; score2[5]~reg0    ; clock    ;
; N/A           ; None        ; -4.427 ns ; PB3  ; score2[1]~reg0    ; clock    ;
; N/A           ; None        ; -4.497 ns ; PB2  ; score1[0]~reg0    ; clock    ;
; N/A           ; None        ; -4.510 ns ; PB3  ; score2[0]~reg0    ; clock    ;
; N/A           ; None        ; -4.550 ns ; PB1  ; score1[0]~reg0    ; clock    ;
; N/A           ; None        ; -4.567 ns ; PB4  ; score2[0]~reg0    ; clock    ;
; N/A           ; None        ; -4.637 ns ; SW1  ; seconds[1]~reg0   ; clock    ;
; N/A           ; None        ; -4.723 ns ; SW4  ; shotclock[4]~reg0 ; clock    ;
; N/A           ; None        ; -4.843 ns ; SW2  ; shotclock[4]~reg0 ; clock    ;
; N/A           ; None        ; -5.035 ns ; SW4  ; shotclock[0]~reg0 ; clock    ;
; N/A           ; None        ; -5.065 ns ; SW4  ; shotclock[1]~reg0 ; clock    ;
; N/A           ; None        ; -5.067 ns ; SW4  ; shotclock[3]~reg0 ; clock    ;
; N/A           ; None        ; -5.067 ns ; SW4  ; shotclock[2]~reg0 ; clock    ;
; N/A           ; None        ; -5.155 ns ; SW2  ; shotclock[0]~reg0 ; clock    ;
; N/A           ; None        ; -5.185 ns ; SW2  ; shotclock[1]~reg0 ; clock    ;
; N/A           ; None        ; -5.187 ns ; SW2  ; shotclock[3]~reg0 ; clock    ;
; N/A           ; None        ; -5.187 ns ; SW2  ; shotclock[2]~reg0 ; clock    ;
+---------------+-------------+-----------+------+-------------------+----------+


+--------------------------+
; Timing Analyzer Messages ;
+--------------------------+
Info: *******************************************************************
Info: Running Quartus II Classic Timing Analyzer
    Info: Version 9.0 Build 132 02/25/2009 SJ Web Edition
    Info: Processing started: Tue May 18 23:05:53 2021
Info: Command: quartus_tan --read_settings_files=off --write_settings_files=off basketball_system -c basketball_system --timing_analysis_only
Warning: Found pins functioning as undefined clocks and/or memory enables
    Info: Assuming node "clock" is an undefined clock
Info: Clock "clock" has Internal fmax of 285.31 MHz between source register "shotclock[3]~reg0" and destination register "shotclock[4]~reg0" (period= 3.505 ns)
    Info: + Longest register to register delay is 3.266 ns
        Info: 1: + IC(0.000 ns) + CELL(0.000 ns) = 0.000 ns; Loc. = LCFF_X49_Y9_N15; Fanout = 2; REG Node = 'shotclock[3]~reg0'
        Info: 2: + IC(0.539 ns) + CELL(0.178 ns) = 0.717 ns; Loc. = LCCOMB_X49_Y9_N30; Fanout = 3; COMB Node = 'shotclock~28'
        Info: 3: + IC(0.519 ns) + CELL(0.322 ns) = 1.558 ns; Loc. = LCCOMB_X49_Y9_N0; Fanout = 9; COMB Node = 'shotclock[0]~29'
        Info: 4: + IC(0.325 ns) + CELL(0.495 ns) = 2.378 ns; Loc. = LCCOMB_X49_Y9_N8; Fanout = 2; COMB Node = 'shotclock[0]~31'
        Info: 5: + IC(0.000 ns) + CELL(0.080 ns) = 2.458 ns; Loc. = LCCOMB_X49_Y9_N10; Fanout = 2; COMB Node = 'shotclock[1]~33'
        Info: 6: + IC(0.000 ns) + CELL(0.080 ns) = 2.538 ns; Loc. = LCCOMB_X49_Y9_N12; Fanout = 2; COMB Node = 'shotclock[2]~36'
        Info: 7: + IC(0.000 ns) + CELL(0.174 ns) = 2.712 ns; Loc. = LCCOMB_X49_Y9_N14; Fanout = 1; COMB Node = 'shotclock[3]~38'
        Info: 8: + IC(0.000 ns) + CELL(0.458 ns) = 3.170 ns; Loc. = LCCOMB_X49_Y9_N16; Fanout = 1; COMB Node = 'shotclock[4]~40'
        Info: 9: + IC(0.000 ns) + CELL(0.096 ns) = 3.266 ns; Loc. = LCFF_X49_Y9_N17; Fanout = 3; REG Node = 'shotclock[4]~reg0'
        Info: Total cell delay = 1.883 ns ( 57.65 % )
        Info: Total interconnect delay = 1.383 ns ( 42.35 % )
    Info: - Smallest clock skew is 0.000 ns
        Info: + Shortest clock path from clock "clock" to destination register is 2.859 ns
            Info: 1: + IC(0.000 ns) + CELL(1.026 ns) = 1.026 ns; Loc. = PIN_M1; Fanout = 1; CLK Node = 'clock'
            Info: 2: + IC(0.238 ns) + CELL(0.000 ns) = 1.264 ns; Loc. = CLKCTRL_G3; Fanout = 31; COMB Node = 'clock~clkctrl'
            Info: 3: + IC(0.993 ns) + CELL(0.602 ns) = 2.859 ns; Loc. = LCFF_X49_Y9_N17; Fanout = 3; REG Node = 'shotclock[4]~reg0'
            Info: Total cell delay = 1.628 ns ( 56.94 % )
            Info: Total interconnect delay = 1.231 ns ( 43.06 % )
        Info: - Longest clock path from clock "clock" to source register is 2.859 ns
            Info: 1: + IC(0.000 ns) + CELL(1.026 ns) = 1.026 ns; Loc. = PIN_M1; Fanout = 1; CLK Node = 'clock'
            Info: 2: + IC(0.238 ns) + CELL(0.000 ns) = 1.264 ns; Loc. = CLKCTRL_G3; Fanout = 31; COMB Node = 'clock~clkctrl'
            Info: 3: + IC(0.993 ns) + CELL(0.602 ns) = 2.859 ns; Loc. = LCFF_X49_Y9_N15; Fanout = 2; REG Node = 'shotclock[3]~reg0'
            Info: Total cell delay = 1.628 ns ( 56.94 % )
            Info: Total interconnect delay = 1.231 ns ( 43.06 % )
    Info: + Micro clock to output delay of source is 0.277 ns
    Info: + Micro setup delay of destination is -0.038 ns
Info: tsu for register "shotclock[4]~reg0" (data pin = "SW2", clock pin = "clock") is 6.199 ns
    Info: + Longest pin to register delay is 9.096 ns
        Info: 1: + IC(0.000 ns) + CELL(0.864 ns) = 0.864 ns; Loc. = PIN_N22; Fanout = 11; PIN Node = 'SW2'
        Info: 2: + IC(5.481 ns) + CELL(0.178 ns) = 6.523 ns; Loc. = LCCOMB_X49_Y9_N6; Fanout = 1; COMB Node = 'shotclock[0]~26'
        Info: 3: + IC(0.320 ns) + CELL(0.545 ns) = 7.388 ns; Loc. = LCCOMB_X49_Y9_N0; Fanout = 9; COMB Node = 'shotclock[0]~29'
        Info: 4: + IC(0.325 ns) + CELL(0.495 ns) = 8.208 ns; Loc. = LCCOMB_X49_Y9_N8; Fanout = 2; COMB Node = 'shotclock[0]~31'
        Info: 5: + IC(0.000 ns) + CELL(0.080 ns) = 8.288 ns; Loc. = LCCOMB_X49_Y9_N10; Fanout = 2; COMB Node = 'shotclock[1]~33'
        Info: 6: + IC(0.000 ns) + CELL(0.080 ns) = 8.368 ns; Loc. = LCCOMB_X49_Y9_N12; Fanout = 2; COMB Node = 'shotclock[2]~36'
        Info: 7: + IC(0.000 ns) + CELL(0.174 ns) = 8.542 ns; Loc. = LCCOMB_X49_Y9_N14; Fanout = 1; COMB Node = 'shotclock[3]~38'
        Info: 8: + IC(0.000 ns) + CELL(0.458 ns) = 9.000 ns; Loc. = LCCOMB_X49_Y9_N16; Fanout = 1; COMB Node = 'shotclock[4]~40'
        Info: 9: + IC(0.000 ns) + CELL(0.096 ns) = 9.096 ns; Loc. = LCFF_X49_Y9_N17; Fanout = 3; REG Node = 'shotclock[4]~reg0'
        Info: Total cell delay = 2.970 ns ( 32.65 % )
        Info: Total interconnect delay = 6.126 ns ( 67.35 % )
    Info: + Micro setup delay of destination is -0.038 ns
    Info: - Shortest clock path from clock "clock" to destination register is 2.859 ns
        Info: 1: + IC(0.000 ns) + CELL(1.026 ns) = 1.026 ns; Loc. = PIN_M1; Fanout = 1; CLK Node = 'clock'
        Info: 2: + IC(0.238 ns) + CELL(0.000 ns) = 1.264 ns; Loc. = CLKCTRL_G3; Fanout = 31; COMB Node = 'clock~clkctrl'
        Info: 3: + IC(0.993 ns) + CELL(0.602 ns) = 2.859 ns; Loc. = LCFF_X49_Y9_N17; Fanout = 3; REG Node = 'shotclock[4]~reg0'
        Info: Total cell delay = 1.628 ns ( 56.94 % )
        Info: Total interconnect delay = 1.231 ns ( 43.06 % )
Info: tco from clock "clock" to destination pin "score1[5]" through register "score1[5]~reg0" is 8.530 ns
    Info: + Longest clock path from clock "clock" to source register is 2.861 ns
        Info: 1: + IC(0.000 ns) + CELL(1.026 ns) = 1.026 ns; Loc. = PIN_M1; Fanout = 1; CLK Node = 'clock'
        Info: 2: + IC(0.238 ns) + CELL(0.000 ns) = 1.264 ns; Loc. = CLKCTRL_G3; Fanout = 31; COMB Node = 'clock~clkctrl'
        Info: 3: + IC(0.995 ns) + CELL(0.602 ns) = 2.861 ns; Loc. = LCFF_X19_Y26_N11; Fanout = 4; REG Node = 'score1[5]~reg0'
        Info: Total cell delay = 1.628 ns ( 56.90 % )
        Info: Total interconnect delay = 1.233 ns ( 43.10 % )
    Info: + Micro clock to output delay of source is 0.277 ns
    Info: + Longest register to pin delay is 5.392 ns
        Info: 1: + IC(0.000 ns) + CELL(0.000 ns) = 0.000 ns; Loc. = LCFF_X19_Y26_N11; Fanout = 4; REG Node = 'score1[5]~reg0'
        Info: 2: + IC(2.572 ns) + CELL(2.820 ns) = 5.392 ns; Loc. = PIN_C20; Fanout = 0; PIN Node = 'score1[5]'
        Info: Total cell delay = 2.820 ns ( 52.30 % )
        Info: Total interconnect delay = 2.572 ns ( 47.70 % )
Info: th for register "minutes[2]~reg0" (data pin = "SW1", clock pin = "clock") is -3.234 ns
    Info: + Longest clock path from clock "clock" to destination register is 2.859 ns
        Info: 1: + IC(0.000 ns) + CELL(1.026 ns) = 1.026 ns; Loc. = PIN_M1; Fanout = 1; CLK Node = 'clock'
        Info: 2: + IC(0.238 ns) + CELL(0.000 ns) = 1.264 ns; Loc. = CLKCTRL_G3; Fanout = 31; COMB Node = 'clock~clkctrl'
        Info: 3: + IC(0.993 ns) + CELL(0.602 ns) = 2.859 ns; Loc. = LCFF_X49_Y9_N25; Fanout = 4; REG Node = 'minutes[2]~reg0'
        Info: Total cell delay = 1.628 ns ( 56.94 % )
        Info: Total interconnect delay = 1.231 ns ( 43.06 % )
    Info: + Micro hold delay of destination is 0.286 ns
    Info: - Shortest pin to register delay is 6.379 ns
        Info: 1: + IC(0.000 ns) + CELL(0.874 ns) = 0.874 ns; Loc. = PIN_T21; Fanout = 18; PIN Node = 'SW1'
        Info: 2: + IC(4.918 ns) + CELL(0.491 ns) = 6.283 ns; Loc. = LCCOMB_X49_Y9_N24; Fanout = 1; COMB Node = 'minutes[2]~22'
        Info: 3: + IC(0.000 ns) + CELL(0.096 ns) = 6.379 ns; Loc. = LCFF_X49_Y9_N25; Fanout = 4; REG Node = 'minutes[2]~reg0'
        Info: Total cell delay = 1.461 ns ( 22.90 % )
        Info: Total interconnect delay = 4.918 ns ( 77.10 % )
Info: Quartus II Classic Timing Analyzer was successful. 0 errors, 1 warning
    Info: Peak virtual memory: 192 megabytes
    Info: Processing ended: Tue May 18 23:05:53 2021
    Info: Elapsed time: 00:00:00
    Info: Total CPU time (on all processors): 00:00:00


